********************************************************************************************************************************************************************************************************

OperatorID: CDPF
Alternate Oper ID: 
Operator Name: CARLOS DAVID PAEZ FERREIRA
Department: DRCPI
Phone #: 
SIGNON                                                                                                                                                                                                  
TRACE                                                                                                                                                                                                   
CONSULTA                                                                                                                                                                                                
REPORTES                                                                                                                                                                                                


                                                                        *    *    *    E n d  o f  R e p o r t    *    *    *                                                                           
